// Jest Snapshot v1, https://goo.gl/fbAQLP

exports[`<ProgressBar /> Render success 1`] = `
<div
  className="progress-bar"
>
  <div
    className="progress-bar__bar"
    style={
      Object {
        "width": "0%",
      }
    }
  />
</div>
`;
