// Jest Snapshot v1, https://goo.gl/fbAQLP

exports[`<TextField /> Render Success 1`] = `
<input
  className="textfield"
  type="text"
/>
`;
